
There are no discarded input sections

Memory Configuration

Name             Origin             Length             Attributes
FLASH            0x08000000         0x00010000         xr
SRAM             0x20000000         0x00020000         xrw
*default*        0x00000000         0xffffffff

Linker script and memory map

LOAD object/kmath.o
LOAD object/kfloat.o
LOAD object/cm4.o
LOAD object/mcu_info.o
LOAD object/kstring.o
LOAD object/kmain.o
LOAD object/stm32_startup.o
LOAD object/sys_clock.o
LOAD object/sys_usart.o
LOAD object/sys_gpio.o
LOAD object/kstdio.o
LOAD object/sys_init.o
LOAD object/unistd.o
LOAD object/times.o
LOAD object/serial_lin.o
LOAD object/UsartRingBuffer.o
LOAD object/debug.o
LOAD object/timer.o
LOAD object/sys_err.o
LOAD object/sys_rtc.o

.text           0x08000000     0x51b8
                0x08000000                        _stext = .
 *(.isr_vector)
 .isr_vector    0x08000000      0x1c4 object/stm32_startup.o
                0x08000000                NVIC_VECTOR
 *(.text)
 .text          0x080001c4       0x4e object/kmath.o
                0x080001c4                __pow
 *fill*         0x08000212        0x2 
 .text          0x08000214      0xed4 object/kfloat.o
                0x08000214                __aeabi_f2d
                0x080002da                __aeabi_d2f
                0x08000362                __aeabi_d2iz
                0x080003f2                __aeabi_d2i
                0x08000482                get_decimal_part
                0x0800056c                __aeabi_ui2d
                0x080005ec                __aeabi_d2uiz
                0x08000662                __aeabi_dsub
                0x08000922                __aeabi_dmul
                0x08000ad4                __aeabi_dadd
                0x08000d82                __aeabi_d2ulz
                0x08000e00                __aeabi_ddiv
                0x080010a8                __aeabi_dcmpeq
 .text          0x080010e8      0x348 object/cm4.o
                0x08001154                __SysTick_init
                0x080011d8                SysTickIntDisable
                0x080011f8                SysTickIntEnable
                0x08001218                __SysTick_enable
                0x08001244                __sysTick_disable
                0x08001270                __getSysTickCount
                0x08001288                __updateSysTick
                0x080012e0                __getTime
                0x08001314                __get__Second
                0x0800132c                __get__Minute
                0x08001344                __get__Hour
                0x0800135c                SysTick_Handler
                0x08001390                __enable_fpu
                0x080013b4                ms_delay
                0x080013de                getmsTick
                0x080013ec                wait_until
                0x0800141e                SYS_SLEEP_WFI
 .text          0x08001430      0x1a8 object/mcu_info.o
                0x08001430                show_system_info
                0x080014dc                store_product_id
                0x080015c4                get_product_id
 .text          0x080015d8      0x914 object/kstring.o
                0x080015d8                __str_to_num
                0x080016ba                __reverse_str
                0x08001718                __strlen
                0x08001746                convert
                0x080017c4                convertu32
                0x0800181c                float2str
                0x080018e8                str2float
                0x080019ea                kmemset
                0x08001a36                StrCat
                0x08001a80                strcopy
                0x08001aba                clear_str
                0x08001af8                strncopy
                0x08001b4a                strn4mcopy
                0x08001b98                byte_to_hex
                0x08001c0c                show_byte_hex_str
                0x08001c4c                show_byte_stream_hex
                0x08001c8c                strcomp
                0x08001cdc                strncopy_cmd
                0x08001d2a                uint16_to_str
                0x08001e7c                strCat_n_to_m
 .text          0x08001eec      0xa38 object/kmain.o
                0x08001eec                flash_read_byte
                0x08001f06                flash_read_register
                0x08001f1e                flash_unlock
                0x08001f70                flash_lock
                0x08001fc4                flash_wait_for_last_operation
                0x08001ff4                flash_program_byte
                0x08002050                flash_program_4_bytes
                0x080020a8                flash_program
                0x080020e6                flash_erase_sector
                0x08002908                kmain
 .text          0x08002924       0xe8 object/stm32_startup.o
                0x08002924                Reset_Handler
                0x080029dc                RTC_WKUP_Handler
                0x080029dc                FLASH_Handler
                0x080029dc                DMA2_Stream7_Handler
                0x080029dc                OTG_HS_Handler
                0x080029dc                DMA2_Stream3_Handler
                0x080029dc                USART3_Handler
                0x080029dc                PendSV_Handler
                0x080029dc                NMI_Handler
                0x080029dc                SAI1_Handler
                0x080029dc                TIM6_DAC_Handler
                0x080029dc                CAN1_RX1_Handler
                0x080029dc                EXTI15_10_Handler
                0x080029dc                ADC_Handler
                0x080029dc                I2C1_EV_Handler
                0x080029dc                TAMP_STAMP_Handler
                0x080029dc                I2C3_ER_Handler
                0x080029dc                WWDG_Handler
                0x080029dc                EXTI4_Handler
                0x080029dc                I2C3_EV_Handler
                0x080029dc                DMA1_Stream1_Handler
                0x080029dc                DMA2_Stream4_Handler
                0x080029dc                DMA1_Stream7_Handler
                0x080029dc                OTG_FS_Handler
                0x080029dc                TIM1_BRK_TIM9_Handler
                0x080029dc                I2C1_ER_Handler
                0x080029dc                DMA1_Stream3_Handler
                0x080029dc                UsageFault_Handler
                0x080029dc                TIM1_UP_TIM10_Handler
                0x080029dc                CAN1_RX0_Handler
                0x080029dc                TIM1_CC_Handler
                0x080029dc                I2C2_ER_Handler
                0x080029dc                TIM8_CC_Handler
                0x080029dc                HDMI_CEC_Handler
                0x080029dc                SAI2_Handler
                0x080029dc                CAN1_SCE_Handler
                0x080029dc                DMA1_Stream0_Handler
                0x080029dc                OTG_HS_EP1_OUT_Handler
                0x080029dc                EXTI1_Handler
                0x080029dc                FMC_Handler
                0x080029dc                EXTI3_Handler
                0x080029dc                EXTI2_Handler
                0x080029dc                UART4_Handler
                0x080029dc                CAN2_RX1_Handler
                0x080029dc                EXTI9_5_Handler
                0x080029dc                USART1_Handler
                0x080029dc                CAN2_SCE_Handler
                0x080029dc                TIM3_Handler
                0x080029dc                DMA2_Stream6_Handler
                0x080029dc                Default_Handler
                0x080029dc                DCMI_Handler
                0x080029dc                TIM1_TRG_COM_TIM11_Handler
                0x080029dc                RTC_Alarm_Handler
                0x080029dc                TIM4_Handler
                0x080029dc                TIM8_UP_TIM13_Handler
                0x080029dc                CAN2_TX_Handler
                0x080029dc                SPI2_Handler
                0x080029dc                DMA2_Stream1_Handler
                0x080029dc                DMA1_Stream2_Handler
                0x080029dc                EXTI0_Handler
                0x080029dc                TIM8_BRK_TIM12_Handler
                0x080029dc                CAN2_RX0_Handler
                0x080029dc                DMA2_Stream5_Handler
                0x080029dc                DMA1_Stream6_Handler
                0x080029dc                SDIO_Handler
                0x080029dc                FMPI2C1_ERR_Handler
                0x080029dc                SPI1_Handler
                0x080029dc                I2C2_EV_Handler
                0x080029dc                SPDIF_Rx_Handler
                0x080029dc                DMA2_Stream2_Handler
                0x080029dc                SPI3_Handler
                0x080029dc                DMA2_Stream0_Handler
                0x080029dc                RCC_Handler
                0x080029dc                PVD_Handler
                0x080029dc                UART5_Handler
                0x080029dc                DMA1_Stream5_Handler
                0x080029dc                TIM5_Handler
                0x080029dc                QuadSPI_Handler
                0x080029dc                TIM7_Handler
                0x080029dc                TIM8_TRG_COM_TIM14_Handler
                0x080029dc                CAN1_TX_Handler
                0x080029dc                FPU_Handler
                0x080029dc                FMPI2C1_Handler
                0x080029dc                DMA1_Stream4_Handler
                0x080029dc                DebugMonitor_Handler
                0x080029dc                OTG_HS_WKUP_Handler
                0x080029dc                OTG_FS_WKUP_Handler
                0x080029dc                SPI4_Handler
                0x080029dc                OTG_HS_EP1_IN_Handler
                0x080029e4                HardFault_Handler
                0x080029ec                MemManage_Handler
                0x080029f4                BusFault_Handler
                0x080029fc                SVCall_Handler
 .text          0x08002a0c      0x308 object/sys_clock.o
                0x08002a0c                __init_sys_clock
                0x08002ad8                __APB1CLK_FREQ
                0x08002b54                __APB2CLK_FREQ
                0x08002bd0                __PLL_SYS_CLK
                0x08002c68                __AHB_CLK
 .text          0x08002d14      0x584 object/sys_usart.o
                0x08002dc4                UART_Init
                0x08002e5e                UART_DeInit
                0x08002ecc                UART_BRR_SAMPLING16
                0x08003060                UART_MspInit
 .text          0x08003298      0x5bc object/sys_gpio.o
                0x08003298                GPIO_WritePin
                0x080032ca                GPIO_Init
                0x080035d0                GPIO_DeInit
                0x080037b8                SPI_GPIOInit
 .text          0x08003854      0x1cc object/kstdio.o
                0x08003854                kprintf
                0x08003868                putstr
                0x080038b4                kscanf
 .text          0x08003a20       0xc8 object/sys_init.o
                0x08003a68                __sys_init
                0x08003abc                SYS_ROUTINE
                0x08003ac8                __sys_disable
                0x08003ad6                display_group_info
 .text          0x08003ae8        0x0 object/unistd.o
 .text          0x08003ae8        0x0 object/times.o
 .text          0x08003ae8      0x1b8 object/serial_lin.o
                0x08003ae8                SerialLin2_init
                0x08003b80                SerialLin6_init
                0x08003c18                USART2_Handler
                0x08003c2c                USART6_Handler
                0x08003c40                noIntWrite
                0x08003c70                noIntSendString
 .text          0x08003ca0      0xc1c object/UsartRingBuffer.o
                0x08003ca0                Ringbuf_init
                0x08003d3a                Look_for
                0x08003dda                GetDataFromBuffer
                0x08003f1a                Uart_flush
                0x08003f56                Uart_peek
                0x08003fd0                Uart_read
                0x08004070                UART_READ
                0x08004110                Uart_write
                0x080041c8                IsDataAvailable
                0x0800424c                Get_after
                0x080042aa                Uart_sendstring
                0x080042d8                Uart_printbase
                0x08004370                Copy_upto
                0x08004470                Wait_for
                0x0800455c                look_for_frame
                0x080046c2                Uart_isr
                0x080047d0                update_tail
                0x08004836                debug_buffer
 .text          0x080048bc      0x110 object/debug.o
                0x080048bc                __debugRamUsage
                0x08004908                __digitalWriteDebugButton
                0x08004964                __digitalReadDebugButton
                0x08004994                __alalogReadDebug
                0x080049ac                __analogWriteDebug
 .text          0x080049cc      0x270 object/timer.o
                0x08004a08                ConfigTimer2ForSystem
                0x08004a84                Delay_micro_second
                0x08004b18                Delay
                0x08004b46                getMiliseconds
                0x08004b88                getMicroseconds
                0x08004bb8                TIM2_Handler
                0x08004bf4                disable_timer2
 .text          0x08004c3c       0x14 object/sys_err.o
                0x08004c3c                Error_Handler
 .text          0x08004c50      0x364 object/sys_rtc.o
                0x08004c50                SYS_RTC_init
                0x08004ef8                get_timeofDay
 *(.rodata)
 .rodata        0x08004fb4       0x64 object/mcu_info.o
 .rodata        0x08005018        0x6 object/kstring.o
 *fill*         0x0800501e        0x2 
 .rodata        0x08005020      0x139 object/kmain.o
 *fill*         0x08005159        0x3 
 .rodata        0x0800515c        0x4 object/stm32_startup.o
                0x0800515c                STACK_START
 .rodata        0x08005160       0x18 object/sys_clock.o
                0x08005160                AHBPrescTable
                0x08005170                APBPrescTable
 .rodata        0x08005178       0x3d object/sys_init.o
                0x080051b8                        . = ALIGN (0x4)
 *fill*         0x080051b5        0x3 
                0x080051b8                        _etext = .
                0x080051b8                        _la_data = LOADADDR (.data)

.glue_7         0x080051b8        0x0
 .glue_7        0x080051b8        0x0 linker stubs

.glue_7t        0x080051b8        0x0
 .glue_7t       0x080051b8        0x0 linker stubs

.vfp11_veneer   0x080051b8        0x0
 .vfp11_veneer  0x080051b8        0x0 linker stubs

.v4_bx          0x080051b8        0x0
 .v4_bx         0x080051b8        0x0 linker stubs

.iplt           0x080051b8        0x0
 .iplt          0x080051b8        0x0 object/kfloat.o

.rel.dyn        0x080051b8        0x0
 .rel.iplt      0x080051b8        0x0 object/kfloat.o

.data           0x20000000       0x6c load address 0x080051b8
                0x20000000                        _sdata = .
 *(.data)
 .data          0x20000000        0x0 object/kmath.o
 .data          0x20000000        0x0 object/kfloat.o
 .data          0x20000000        0x0 object/cm4.o
 .data          0x20000000        0x0 object/mcu_info.o
 .data          0x20000000       0x61 object/kstring.o
 .data          0x20000061        0x0 object/kmain.o
 .data          0x20000061        0x0 object/stm32_startup.o
 .data          0x20000061        0x0 object/sys_clock.o
 .data          0x20000061        0x0 object/sys_usart.o
 .data          0x20000061        0x0 object/sys_gpio.o
 .data          0x20000061        0x0 object/kstdio.o
 .data          0x20000061        0x0 object/sys_init.o
 .data          0x20000061        0x0 object/unistd.o
 .data          0x20000061        0x0 object/times.o
 *fill*         0x20000061        0x3 
 .data          0x20000064        0x8 object/serial_lin.o
                0x20000064                errObj
 .data          0x2000006c        0x0 object/UsartRingBuffer.o
 .data          0x2000006c        0x0 object/debug.o
 .data          0x2000006c        0x0 object/timer.o
 .data          0x2000006c        0x0 object/sys_err.o
 .data          0x2000006c        0x0 object/sys_rtc.o
                0x2000006c                        . = ALIGN (0x4)
                0x2000006c                        _edata = .

.igot.plt       0x2000006c        0x0 load address 0x08005224
 .igot.plt      0x2000006c        0x0 object/kfloat.o

.bss            0x2000006c      0x909 load address 0x08005224
                0x2000006c                        _sbss = .
 *(.bss)
 .bss           0x2000006c        0x0 object/kmath.o
 .bss           0x2000006c        0x0 object/kfloat.o
 .bss           0x2000006c       0x10 object/cm4.o
 .bss           0x2000007c       0x14 object/mcu_info.o
 .bss           0x20000090       0x32 object/kstring.o
 *fill*         0x200000c2        0x2 
 .bss           0x200000c4        0x4 object/kmain.o
 .bss           0x200000c8        0xc object/stm32_startup.o
                0x200000c8                _bss_size
                0x200000cc                _data_size
                0x200000d0                _text_size
 .bss           0x200000d4        0x0 object/sys_clock.o
 .bss           0x200000d4        0x0 object/sys_usart.o
 .bss           0x200000d4        0x0 object/sys_gpio.o
 .bss           0x200000d4        0x0 object/kstdio.o
 .bss           0x200000d4        0x0 object/sys_init.o
 .bss           0x200000d4        0x0 object/unistd.o
 .bss           0x200000d4        0x0 object/times.o
 .bss           0x200000d4      0x890 object/serial_lin.o
                0x200000d4                huart2
                0x2000051c                huart6
 .bss           0x20000964        0x0 object/UsartRingBuffer.o
 .bss           0x20000964        0xc object/debug.o
                0x20000968                CURRENT_MSP
                0x2000096c                DEBUG_BUTTON
                0x2000096e                DEBUG_ANALOG_IO
 .bss           0x20000970        0x5 object/timer.o
 .bss           0x20000975        0x0 object/sys_err.o
 .bss           0x20000975        0x0 object/sys_rtc.o
                0x20000975                        _ebss = .
OUTPUT(build/final.elf elf32-littlearm)
LOAD linker stubs

.comment        0x00000000       0x26
 .comment       0x00000000       0x26 object/kmath.o
                                 0x27 (size before relaxing)
 .comment       0x00000026       0x27 object/kfloat.o
 .comment       0x00000026       0x27 object/cm4.o
 .comment       0x00000026       0x27 object/mcu_info.o
 .comment       0x00000026       0x27 object/kstring.o
 .comment       0x00000026       0x27 object/kmain.o
 .comment       0x00000026       0x27 object/stm32_startup.o
 .comment       0x00000026       0x27 object/sys_clock.o
 .comment       0x00000026       0x27 object/sys_usart.o
 .comment       0x00000026       0x27 object/sys_gpio.o
 .comment       0x00000026       0x27 object/kstdio.o
 .comment       0x00000026       0x27 object/sys_init.o
 .comment       0x00000026       0x27 object/unistd.o
 .comment       0x00000026       0x27 object/times.o
 .comment       0x00000026       0x27 object/serial_lin.o
 .comment       0x00000026       0x27 object/UsartRingBuffer.o
 .comment       0x00000026       0x27 object/debug.o
 .comment       0x00000026       0x27 object/timer.o
 .comment       0x00000026       0x27 object/sys_err.o
 .comment       0x00000026       0x27 object/sys_rtc.o

.ARM.attributes
                0x00000000       0x32
 .ARM.attributes
                0x00000000       0x32 object/kmath.o
 .ARM.attributes
                0x00000032       0x32 object/kfloat.o
 .ARM.attributes
                0x00000064       0x32 object/cm4.o
 .ARM.attributes
                0x00000096       0x32 object/mcu_info.o
 .ARM.attributes
                0x000000c8       0x32 object/kstring.o
 .ARM.attributes
                0x000000fa       0x32 object/kmain.o
 .ARM.attributes
                0x0000012c       0x32 object/stm32_startup.o
 .ARM.attributes
                0x0000015e       0x32 object/sys_clock.o
 .ARM.attributes
                0x00000190       0x32 object/sys_usart.o
 .ARM.attributes
                0x000001c2       0x32 object/sys_gpio.o
 .ARM.attributes
                0x000001f4       0x32 object/kstdio.o
 .ARM.attributes
                0x00000226       0x32 object/sys_init.o
 .ARM.attributes
                0x00000258       0x32 object/unistd.o
 .ARM.attributes
                0x0000028a       0x32 object/times.o
 .ARM.attributes
                0x000002bc       0x32 object/serial_lin.o
 .ARM.attributes
                0x000002ee       0x32 object/UsartRingBuffer.o
 .ARM.attributes
                0x00000320       0x32 object/debug.o
 .ARM.attributes
                0x00000352       0x32 object/timer.o
 .ARM.attributes
                0x00000384       0x32 object/sys_err.o
 .ARM.attributes
                0x000003b6       0x32 object/sys_rtc.o
